---
source: tui/src/app/daemon_menu_tests.rs
expression: "render_bottom_popup(&app.chat_widget,\nwidth).replace(r\"C:\\cli-build\\bin\\codex\", \"/x/cli-build/bin/codex\")"
---
  Update daemon and exit Codex?
  Install the latest public stable release (version resolved when the command
  runs). Production update eligibility will be restored; your automatic-update
  setting is preserved.
  The daemon will restart if needed. Active or queued work may be interrupted.
  Codex will exit and run the update in this terminal, then return to the
  shell. Relaunch Codex afterward.

› 1. Cancel
  2. Update and exit

  Press enter to confirm or esc to go back
