---
source: tui/src/bottom_pane/chat_composer/sparkle_tests.rs
expression: "format!(\"command during startup:\\n{}\\n\\nafter command:\\n{}\", text(&pending),\ntext(&completed))"
---
command during startup:

› /status

  /status      show current session configuration and token usage
  /statusline  configure which items appear in the status line

after command:
                            ⠈     ⢀     ⠁                 ⠂
›⠁Ask Codex to do anything         ⠈      ⠁
       ⢀            ⠠     ⠄         ⠠          ⢀    ⠠     ⡀
  ? for shortcuts                                            100% context left
