---
source: tui/src/onboarding/trust_directory.rs
assertion_line: 357
expression: terminal.backend()
---
> You are in /workspace/project

  Config, hooks, and exec policies from untrusted folders stay
  disabled. Trusted project folders can still contribute settings.
  Skills still load, and tools follow your permission settings.
  Opening will not change saved trust.

› 1. Open restricted                                                  
  2. Back to Agent Command Center

  Press enter to continue; esc to go back
