---
source: tui/src/onboarding/trust_directory.rs
assertion_line: 295
expression: terminal.backend()
---
> You are in /workspace/project

  Trust this folder? Codex can read, edit, and run files here, subject
  to your permission settings. Folder settings can run code
  automatically, even without a model request. Continue only if you
  trust these files. Your trust decision will be saved.

› 1. Trust and continue                                               
  2. Quit

  Press enter to continue and create a sandbox...
